[2m2026-06-19 19:07:04.838[0;39m [39mDEBUG[0;39m [2m[http-nio-9764-exec-5][0;39m [35m[1095e9552423453980350f7c528d6f08][0;39m [36mo.s.core.log.LogFormatUtils[0;39m [2m-[0;39m GET "/user/auth/me", parameters={}
[2m2026-06-19 19:07:04.839[0;39m [39mDEBUG[0;39m [2m[http-nio-9764-exec-5][0;39m [35m[1095e9552423453980350f7c528d6f08][0;39m [36mo.s.w.s.h.AbstractHandlerMapping[0;39m [2m-[0;39m Mapped to org.springframework.web.servlet.function.HandlerFilterFunction$$Lambda$1408/0x00000008014b3b20@4ba6a7df
[2m2026-06-19 19:07:04.855[0;39m [39mDEBUG[0;39m [2m[http-nio-9764-exec-5][0;39m [35m[1095e9552423453980350f7c528d6f08][0;39m [36mo.s.web.servlet.FrameworkServlet[0;39m [2m-[0;39m Completed 200 OK
[2m2026-06-19 19:07:04.871[0;39m [39mDEBUG[0;39m [2m[http-nio-9764-exec-6][0;39m [35m[d853828855e54c67ad39b719279f363a][0;39m [36mo.s.core.log.LogFormatUtils[0;39m [2m-[0;39m POST "/dbEngine/api/v1/meta/data-source/_search", parameters={}
[2m2026-06-19 19:07:04.872[0;39m [39mDEBUG[0;39m [2m[http-nio-9764-exec-6][0;39m [35m[d853828855e54c67ad39b719279f363a][0;39m [36mo.s.w.s.h.AbstractHandlerMapping[0;39m [2m-[0;39m Mapped to org.springframework.web.servlet.function.HandlerFilterFunction$$Lambda$1408/0x00000008014b3b20@50d7eb5f
[2m2026-06-19 19:07:04.899[0;39m [39mDEBUG[0;39m [2m[http-nio-9764-exec-6][0;39m [35m[d853828855e54c67ad39b719279f363a][0;39m [36mo.s.web.servlet.FrameworkServlet[0;39m [2m-[0;39m Completed 200 OK
[2m2026-06-19 19:07:06.473[0;39m [39mDEBUG[0;39m [2m[http-nio-9764-exec-7][0;39m [35m[c44c0b51a9fd4e34953322c9fbbe580c][0;39m [36mo.s.core.log.LogFormatUtils[0;39m [2m-[0;39m POST "/dbEngine/api/v1/meta/data-source/_search", parameters={}
[2m2026-06-19 19:07:06.475[0;39m [39mDEBUG[0;39m [2m[http-nio-9764-exec-7][0;39m [35m[c44c0b51a9fd4e34953322c9fbbe580c][0;39m [36mo.s.w.s.h.AbstractHandlerMapping[0;39m [2m-[0;39m Mapped to org.springframework.web.servlet.function.HandlerFilterFunction$$Lambda$1408/0x00000008014b3b20@7a5ec115
[2m2026-06-19 19:07:06.494[0;39m [39mDEBUG[0;39m [2m[http-nio-9764-exec-7][0;39m [35m[c44c0b51a9fd4e34953322c9fbbe580c][0;39m [36mo.s.web.servlet.FrameworkServlet[0;39m [2m-[0;39m Completed 200 OK
[2m2026-06-19 19:07:07.090[0;39m [39mDEBUG[0;39m [2m[http-nio-9764-exec-8][0;39m [35m[6faa122674034a98869b4acfcae37238][0;39m [36mo.s.core.log.LogFormatUtils[0;39m [2m-[0;39m POST "/dbEngine/api/v1/meta/data-source/_search", parameters={}
[2m2026-06-19 19:07:07.091[0;39m [39mDEBUG[0;39m [2m[http-nio-9764-exec-8][0;39m [35m[6faa122674034a98869b4acfcae37238][0;39m [36mo.s.w.s.h.AbstractHandlerMapping[0;39m [2m-[0;39m Mapped to org.springframework.web.servlet.function.HandlerFilterFunction$$Lambda$1408/0x00000008014b3b20@4fb4a3b2
[2m2026-06-19 19:07:07.108[0;39m [39mDEBUG[0;39m [2m[http-nio-9764-exec-8][0;39m [35m[6faa122674034a98869b4acfcae37238][0;39m [36mo.s.web.servlet.FrameworkServlet[0;39m [2m-[0;39m Completed 200 OK
[2m2026-06-19 19:07:09.641[0;39m [39mDEBUG[0;39m [2m[http-nio-9764-exec-9][0;39m [35m[773c806472ad4c7884551df28aacc63b][0;39m [36mo.s.core.log.LogFormatUtils[0;39m [2m-[0;39m POST "/dbEngine/api/v1/meta/table/knowledge-sync", parameters={}
[2m2026-06-19 19:07:09.645[0;39m [39mDEBUG[0;39m [2m[http-nio-9764-exec-9][0;39m [35m[773c806472ad4c7884551df28aacc63b][0;39m [36mo.s.w.s.h.AbstractHandlerMapping[0;39m [2m-[0;39m Mapped to org.springframework.web.servlet.function.HandlerFilterFunction$$Lambda$1408/0x00000008014b3b20@3dbf2d42
[2m2026-06-19 19:07:09.977[0;39m [39mDEBUG[0;39m [2m[http-nio-9764-exec-9][0;39m [35m[773c806472ad4c7884551df28aacc63b][0;39m [36mo.s.web.servlet.FrameworkServlet[0;39m [2m-[0;39m Completed 200 OK
[2m2026-06-19 19:07:24.969[0;39m [39mDEBUG[0;39m [2m[SpringApplicationShutdownHook][0;39m [35m[][0;39m [36mo.s.b.a.ApplicationAvailabilityBean[0;39m [2m-[0;39m Application availability state ReadinessState changed from ACCEPTING_TRAFFIC to REFUSING_TRAFFIC
[2m2026-06-19 19:07:24.969[0;39m [39mDEBUG[0;39m [2m[SpringApplicationShutdownHook][0;39m [35m[][0;39m [36mo.s.c.s.AbstractApplicationContext[0;39m [2m-[0;39m Closing org.springframework.boot.web.servlet.context.AnnotationConfigServletWebServerApplicationContext@238acd0b, started on Fri Jun 19 19:02:42 CST 2026, parent: org.springframework.context.annotation.AnnotationConfigApplicationContext@388ba540
[2m2026-06-19 19:07:24.972[0;39m [39mDEBUG[0;39m [2m[SpringApplicationShutdownHook][0;39m [35m[][0;39m [36mo.s.c.s.DefaultLifecycleProcessor$LifecycleGroup[0;39m [2m-[0;39m Stopping beans in phase 2147483647
[2m2026-06-19 19:07:24.972[0;39m [39mDEBUG[0;39m [2m[SpringApplicationShutdownHook][0;39m [35m[][0;39m [36mo.s.c.s.DefaultLifecycleProcessor[0;39m [2m-[0;39m Bean 'applicationTaskExecutor' completed its stop procedure
[2m2026-06-19 19:07:24.972[0;39m [39mDEBUG[0;39m [2m[SpringApplicationShutdownHook][0;39m [35m[][0;39m [36mo.s.c.s.DefaultLifecycleProcessor$LifecycleGroup[0;39m [2m-[0;39m Stopping beans in phase 2147482623
[2m2026-06-19 19:07:24.973[0;39m [39mDEBUG[0;39m [2m[SpringApplicationShutdownHook][0;39m [35m[][0;39m [36mo.s.c.s.DefaultLifecycleProcessor[0;39m [2m-[0;39m Bean 'webServerGracefulShutdown' completed its stop procedure
[2m2026-06-19 19:07:24.973[0;39m [39mDEBUG[0;39m [2m[SpringApplicationShutdownHook][0;39m [35m[][0;39m [36mo.s.c.s.DefaultLifecycleProcessor$LifecycleGroup[0;39m [2m-[0;39m Stopping beans in phase 2147481599
[2m2026-06-19 19:07:24.979[0;39m [39mDEBUG[0;39m [2m[SpringApplicationShutdownHook][0;39m [35m[][0;39m [36mo.s.c.s.DefaultLifecycleProcessor[0;39m [2m-[0;39m Bean 'webServerStartStop' completed its stop procedure
[2m2026-06-19 19:07:24.979[0;39m [39mDEBUG[0;39m [2m[SpringApplicationShutdownHook][0;39m [35m[][0;39m [36mo.s.c.s.DefaultLifecycleProcessor$LifecycleGroup[0;39m [2m-[0;39m Stopping beans in phase 0
[2m2026-06-19 19:07:24.979[0;39m [39mDEBUG[0;39m [2m[SpringApplicationShutdownHook][0;39m [35m[][0;39m [36mo.s.c.s.DefaultLifecycleProcessor[0;39m [2m-[0;39m Successfully stopped bean 'refreshScopeLifecycle'
[2m2026-06-19 19:07:24.995[0;39m [39mDEBUG[0;39m [2m[SpringApplicationShutdownHook][0;39m [35m[][0;39m [36mo.s.b.f.s.DisposableBeanAdapter[0;39m [2m-[0;39m Custom destroy method 'close' on bean with name 'nacosServiceRegistry' completed
[2m2026-06-19 19:07:24.995[0;39m [39mDEBUG[0;39m [2m[SpringApplicationShutdownHook][0;39m [35m[][0;39m [36mo.s.s.c.ExecutorConfigurationSupport[0;39m [2m-[0;39m Shutting down ExecutorService 'applicationTaskExecutor'
[2m2026-06-19 19:07:24.996[0;39m [39mDEBUG[0;39m [2m[SpringApplicationShutdownHook][0;39m [35m[][0;39m [36mo.s.s.c.ExecutorConfigurationSupport[0;39m [2m-[0;39m Shutting down ExecutorService
[2m2026-06-19 19:07:24.997[0;39m [39mDEBUG[0;39m [2m[SpringApplicationShutdownHook][0;39m [35m[][0;39m [36mo.s.c.s.AbstractApplicationContext[0;39m [2m-[0;39m Closing LoadBalancerClientFactory-dbEngine, started on Fri Jun 19 19:03:06 CST 2026, parent: org.springframework.boot.web.servlet.context.AnnotationConfigServletWebServerApplicationContext@238acd0b
[2m2026-06-19 19:07:24.998[0;39m [39mDEBUG[0;39m [2m[SpringApplicationShutdownHook][0;39m [35m[][0;39m [36mo.s.c.s.AbstractApplicationContext[0;39m [2m-[0;39m Closing LoadBalancerClientFactory-user, started on Fri Jun 19 19:03:05 CST 2026, parent: org.springframework.boot.web.servlet.context.AnnotationConfigServletWebServerApplicationContext@238acd0b
[2m2026-06-19 19:07:24.998[0;39m [39mDEBUG[0;39m [2m[SpringApplicationShutdownHook][0;39m [35m[][0;39m [36mo.s.c.s.AbstractApplicationContext[0;39m [2m-[0;39m Closing FeignClientFactory-platformUserClient, started on Fri Jun 19 19:02:43 CST 2026, parent: org.springframework.boot.web.servlet.context.AnnotationConfigServletWebServerApplicationContext@238acd0b
[2m2026-06-19 19:07:24.998[0;39m [39mDEBUG[0;39m [2m[SpringApplicationShutdownHook][0;39m [35m[][0;39m [36mo.s.b.f.s.DisposableBeanAdapter[0;39m [2m-[0;39m Custom destroy method 'close' on bean with name 'simpleMeterRegistry' completed
