[2m2026-06-19 19:07:04.878[0;39m [39mDEBUG[0;39m [2m[http-nio-14102-exec-4][0;39m [35m[d853828855e54c67ad39b719279f363a][0;39m [36mo.s.core.log.LogFormatUtils[0;39m [2m-[0;39m POST "/dbEngine/api/v1/meta/data-source/_search", parameters={}
[2m2026-06-19 19:07:04.879[0;39m [39mDEBUG[0;39m [2m[http-nio-14102-exec-4][0;39m [35m[d853828855e54c67ad39b719279f363a][0;39m [36mo.s.w.s.h.AbstractHandlerMapping[0;39m [2m-[0;39m Mapped to ai.platform.aiassit.db.engine.meta.controller.DbDataSourceController#pageSearch(BaseRequest)
[2m2026-06-19 19:07:04.881[0;39m [39mDEBUG[0;39m [2m[http-nio-14102-exec-4][0;39m [35m[d853828855e54c67ad39b719279f363a][0;39m [36mo.s.core.log.LogFormatUtils[0;39m [2m-[0;39m Read "application/json;charset=UTF-8" to [DbDataSourceQueryRequest(keyword=null, sourceKey=null, sourceType=null, status=null, ownerTeam=null, (truncated)...]
[2m2026-06-19 19:07:04.883[0;39m [39mDEBUG[0;39m [2m[http-nio-14102-exec-4][0;39m [35m[d853828855e54c67ad39b719279f363a][0;39m [36mo.s.jdbc.datasource.DataSourceUtils[0;39m [2m-[0;39m Fetching JDBC Connection from DataSource
[2m2026-06-19 19:07:04.895[0;39m [39mDEBUG[0;39m [2m[http-nio-14102-exec-4][0;39m [35m[d853828855e54c67ad39b719279f363a][0;39m [36mo.s.w.s.m.m.a.AbstractMessageConverterMethodProcessor[0;39m [2m-[0;39m Using 'application/json', given [*/*] and supported [application/json, application/*+json]
[2m2026-06-19 19:07:04.895[0;39m [39mDEBUG[0;39m [2m[http-nio-14102-exec-4][0;39m [35m[d853828855e54c67ad39b719279f363a][0;39m [36mo.s.core.log.LogFormatUtils[0;39m [2m-[0;39m Writing [R(code=0, data=PageResultVO(super=org.athena.framework.data.jdbc.vo.PageResultVO@3fb0a873, pageInfo= (truncated)...]
[2m2026-06-19 19:07:04.897[0;39m [39mDEBUG[0;39m [2m[http-nio-14102-exec-4][0;39m [35m[d853828855e54c67ad39b719279f363a][0;39m [36mo.s.web.servlet.FrameworkServlet[0;39m [2m-[0;39m Completed 200 OK
[2m2026-06-19 19:07:06.482[0;39m [39mDEBUG[0;39m [2m[http-nio-14102-exec-5][0;39m [35m[c44c0b51a9fd4e34953322c9fbbe580c][0;39m [36mo.s.core.log.LogFormatUtils[0;39m [2m-[0;39m POST "/dbEngine/api/v1/meta/data-source/_search", parameters={}
[2m2026-06-19 19:07:06.483[0;39m [39mDEBUG[0;39m [2m[http-nio-14102-exec-5][0;39m [35m[c44c0b51a9fd4e34953322c9fbbe580c][0;39m [36mo.s.w.s.h.AbstractHandlerMapping[0;39m [2m-[0;39m Mapped to ai.platform.aiassit.db.engine.meta.controller.DbDataSourceController#pageSearch(BaseRequest)
[2m2026-06-19 19:07:06.485[0;39m [39mDEBUG[0;39m [2m[http-nio-14102-exec-5][0;39m [35m[c44c0b51a9fd4e34953322c9fbbe580c][0;39m [36mo.s.core.log.LogFormatUtils[0;39m [2m-[0;39m Read "application/json;charset=UTF-8" to [DbDataSourceQueryRequest(keyword=null, sourceKey=null, sourceType=null, status=null, ownerTeam=null, (truncated)...]
[2m2026-06-19 19:07:06.486[0;39m [39mDEBUG[0;39m [2m[http-nio-14102-exec-5][0;39m [35m[c44c0b51a9fd4e34953322c9fbbe580c][0;39m [36mo.s.jdbc.datasource.DataSourceUtils[0;39m [2m-[0;39m Fetching JDBC Connection from DataSource
[2m2026-06-19 19:07:06.492[0;39m [39mDEBUG[0;39m [2m[http-nio-14102-exec-5][0;39m [35m[c44c0b51a9fd4e34953322c9fbbe580c][0;39m [36mo.s.w.s.m.m.a.AbstractMessageConverterMethodProcessor[0;39m [2m-[0;39m Using 'application/json', given [*/*] and supported [application/json, application/*+json]
[2m2026-06-19 19:07:06.492[0;39m [39mDEBUG[0;39m [2m[http-nio-14102-exec-5][0;39m [35m[c44c0b51a9fd4e34953322c9fbbe580c][0;39m [36mo.s.core.log.LogFormatUtils[0;39m [2m-[0;39m Writing [R(code=0, data=PageResultVO(super=org.athena.framework.data.jdbc.vo.PageResultVO@30b47865, pageInfo= (truncated)...]
[2m2026-06-19 19:07:06.492[0;39m [39mDEBUG[0;39m [2m[http-nio-14102-exec-5][0;39m [35m[c44c0b51a9fd4e34953322c9fbbe580c][0;39m [36mo.s.web.servlet.FrameworkServlet[0;39m [2m-[0;39m Completed 200 OK
[2m2026-06-19 19:07:07.096[0;39m [39mDEBUG[0;39m [2m[http-nio-14102-exec-6][0;39m [35m[6faa122674034a98869b4acfcae37238][0;39m [36mo.s.core.log.LogFormatUtils[0;39m [2m-[0;39m POST "/dbEngine/api/v1/meta/data-source/_search", parameters={}
[2m2026-06-19 19:07:07.097[0;39m [39mDEBUG[0;39m [2m[http-nio-14102-exec-6][0;39m [35m[6faa122674034a98869b4acfcae37238][0;39m [36mo.s.w.s.h.AbstractHandlerMapping[0;39m [2m-[0;39m Mapped to ai.platform.aiassit.db.engine.meta.controller.DbDataSourceController#pageSearch(BaseRequest)
[2m2026-06-19 19:07:07.098[0;39m [39mDEBUG[0;39m [2m[http-nio-14102-exec-6][0;39m [35m[6faa122674034a98869b4acfcae37238][0;39m [36mo.s.core.log.LogFormatUtils[0;39m [2m-[0;39m Read "application/json;charset=UTF-8" to [DbDataSourceQueryRequest(keyword=null, sourceKey=null, sourceType=null, status=null, ownerTeam=null, (truncated)...]
[2m2026-06-19 19:07:07.099[0;39m [39mDEBUG[0;39m [2m[http-nio-14102-exec-6][0;39m [35m[6faa122674034a98869b4acfcae37238][0;39m [36mo.s.jdbc.datasource.DataSourceUtils[0;39m [2m-[0;39m Fetching JDBC Connection from DataSource
[2m2026-06-19 19:07:07.106[0;39m [39mDEBUG[0;39m [2m[http-nio-14102-exec-6][0;39m [35m[6faa122674034a98869b4acfcae37238][0;39m [36mo.s.w.s.m.m.a.AbstractMessageConverterMethodProcessor[0;39m [2m-[0;39m Using 'application/json', given [*/*] and supported [application/json, application/*+json]
[2m2026-06-19 19:07:07.106[0;39m [39mDEBUG[0;39m [2m[http-nio-14102-exec-6][0;39m [35m[6faa122674034a98869b4acfcae37238][0;39m [36mo.s.core.log.LogFormatUtils[0;39m [2m-[0;39m Writing [R(code=0, data=PageResultVO(super=org.athena.framework.data.jdbc.vo.PageResultVO@5e8ab419, pageInfo= (truncated)...]
[2m2026-06-19 19:07:07.107[0;39m [39mDEBUG[0;39m [2m[http-nio-14102-exec-6][0;39m [35m[6faa122674034a98869b4acfcae37238][0;39m [36mo.s.web.servlet.FrameworkServlet[0;39m [2m-[0;39m Completed 200 OK
[2m2026-06-19 19:07:09.653[0;39m [39mDEBUG[0;39m [2m[http-nio-14102-exec-7][0;39m [35m[773c806472ad4c7884551df28aacc63b][0;39m [36mo.s.core.log.LogFormatUtils[0;39m [2m-[0;39m POST "/dbEngine/api/v1/meta/table/knowledge-sync", parameters={}
[2m2026-06-19 19:07:09.653[0;39m [39mDEBUG[0;39m [2m[http-nio-14102-exec-7][0;39m [35m[773c806472ad4c7884551df28aacc63b][0;39m [36mo.s.w.s.h.AbstractHandlerMapping[0;39m [2m-[0;39m Mapped to ai.platform.aiassit.db.engine.meta.controller.DbTableMetaController#knowledgeSync(DbTableKnowledgeSyncRequest)
[2m2026-06-19 19:07:09.654[0;39m [39mDEBUG[0;39m [2m[http-nio-14102-exec-7][0;39m [35m[773c806472ad4c7884551df28aacc63b][0;39m [36mo.s.core.log.LogFormatUtils[0;39m [2m-[0;39m Read "application/json;charset=UTF-8" to [DbTableKnowledgeSyncRequest(sourceKey=ods_trade_mysql, tableName=null)]
[2m2026-06-19 19:07:09.674[0;39m [39mDEBUG[0;39m [2m[http-nio-14102-exec-7][0;39m [35m[773c806472ad4c7884551df28aacc63b][0;39m [36mo.s.w.c.HttpMessageConverterExtractor[0;39m [2m-[0;39m Reading to [org.athena.framework.web.vo.R<java.lang.String>]
[2m2026-06-19 19:07:09.676[0;39m [39mDEBUG[0;39m [2m[http-nio-14102-exec-7][0;39m [35m[773c806472ad4c7884551df28aacc63b][0;39m [36mo.s.jdbc.datasource.DataSourceUtils[0;39m [2m-[0;39m Fetching JDBC Connection from DataSource
[2m2026-06-19 19:07:09.683[0;39m [39mDEBUG[0;39m [2m[http-nio-14102-exec-7][0;39m [35m[773c806472ad4c7884551df28aacc63b][0;39m [36mo.s.jdbc.datasource.DataSourceUtils[0;39m [2m-[0;39m Fetching JDBC Connection from DataSource
[2m2026-06-19 19:07:09.695[0;39m [39mDEBUG[0;39m [2m[http-nio-14102-exec-7][0;39m [35m[773c806472ad4c7884551df28aacc63b][0;39m [36mo.s.c.o.support.SpringEncoder[0;39m [2m-[0;39m Writing [AiKbDocumentUpsertRequest(kbId=w05enpcxa4, documentId=ods_trade_mysql/dict_hr_code, documentName=dict_hr_code - 人力资源字典表, documentType=DB_TABLE, sourceType=null, sourceKey=ods_trade_mysql, content=# dict_hr_code 人力资源字典表

## 表说明
人力资源字典表

## 字段
| 字段名 | 中文名 | 类型 | 说明 |
|---|---|---|---|
| id | 主键ID | bigint | 主键；非空；维度字段；人力资源字典表主键ID |
| dict_type_code | 字典类型编码 | varchar | 非空；维度字段；如性别、员工状态、学历等分类编码 |
| dict_type_name | 字典类型名称 | varchar | 非空；维度字段；字典类型对应的中文名称 |
| dict_code | 字典项编码 | varchar | 非空；维度字段；字典项业务编码 |
| dict_name | 字典项名称 | varchar | 非空；维度字段；字典项中文名称 |
| parent_code | 父级字典编码 | varchar | 维度字段；用于支持层级字典结构 |
| sort_order | 显示顺序 | int | 非空；维度字段；同一类型下字典项展示排序 |
| status_code | 状态编码 | varchar | 非空；维度字段；如启用、停用等状态 |
| created_at | 创建时间 | datetime | 非空；时间字段 |
| updated_at | 更新时间 | datetime | 非空；时间字段 |
| deleted | 逻辑删除标识 | tinyint | 非空；维度字段；0表示未删除，1表示已删除 |

## 常见查询
- 查询人力资源字典表列表
- 统计人力资源字典表总量
- 按条件筛选人力资源字典表数据, ext={sourceSystem=dbEngine, sourceKey=ods_trade_mysql, tableName=dict_hr_code, tableComment=人力资源字典表, partitionKey=null})] using [org.springframework.http.converter.json.MappingJackson2HttpMessageConverter@222a7429]
[2m2026-06-19 19:07:09.973[0;39m [39mDEBUG[0;39m [2m[http-nio-14102-exec-7][0;39m [35m[773c806472ad4c7884551df28aacc63b][0;39m [36mo.s.w.c.HttpMessageConverterExtractor[0;39m [2m-[0;39m Reading to [org.athena.framework.web.vo.R<ai.platform.aiassist.service.ai.api.dto.AiKbDocumentUpsertResponse>]
[2m2026-06-19 19:07:09.975[0;39m [39mDEBUG[0;39m [2m[http-nio-14102-exec-7][0;39m [35m[773c806472ad4c7884551df28aacc63b][0;39m [36mo.s.w.s.m.m.a.ExceptionHandlerExceptionResolver[0;39m [2m-[0;39m Using @ExceptionHandler org.athena.framework.web.advice.BaseControllerAdvice#exception(Exception)
[2m2026-06-19 19:07:09.976[0;39m [39mDEBUG[0;39m [2m[http-nio-14102-exec-7][0;39m [35m[773c806472ad4c7884551df28aacc63b][0;39m [36mo.s.w.s.m.m.a.AbstractMessageConverterMethodProcessor[0;39m [2m-[0;39m Using 'application/json', given [*/*] and supported [application/json, application/*+json]
[2m2026-06-19 19:07:09.976[0;39m [39mDEBUG[0;39m [2m[http-nio-14102-exec-7][0;39m [35m[773c806472ad4c7884551df28aacc63b][0;39m [36mo.s.core.log.LogFormatUtils[0;39m [2m-[0;39m Writing [R(code=1, data=null, timestamp=1781867229976, traceId=773c806472ad4c7884551df28aacc63b, sign=null, s (truncated)...]
[2m2026-06-19 19:07:09.976[0;39m [39mDEBUG[0;39m [2m[http-nio-14102-exec-7][0;39m [35m[773c806472ad4c7884551df28aacc63b][0;39m [36mo.s.w.s.h.AbstractHandlerExceptionResolver[0;39m [2m-[0;39m Resolved [java.lang.IllegalStateException: 知识库同步失败: dict_hr_code]
[2m2026-06-19 19:07:09.977[0;39m [39mDEBUG[0;39m [2m[http-nio-14102-exec-7][0;39m [35m[773c806472ad4c7884551df28aacc63b][0;39m [36mo.s.web.servlet.FrameworkServlet[0;39m [2m-[0;39m Completed 200 OK
[2m2026-06-19 19:07:28.551[0;39m [39mDEBUG[0;39m [2m[SpringApplicationShutdownHook][0;39m [35m[][0;39m [36mo.s.b.a.ApplicationAvailabilityBean[0;39m [2m-[0;39m Application availability state ReadinessState changed from ACCEPTING_TRAFFIC to REFUSING_TRAFFIC
[2m2026-06-19 19:07:28.551[0;39m [39mDEBUG[0;39m [2m[SpringApplicationShutdownHook][0;39m [35m[][0;39m [36mo.s.c.s.AbstractApplicationContext[0;39m [2m-[0;39m Closing org.springframework.boot.web.servlet.context.AnnotationConfigServletWebServerApplicationContext@59496961, started on Fri Jun 19 19:02:14 CST 2026, parent: org.springframework.context.annotation.AnnotationConfigApplicationContext@40e10ff8
[2m2026-06-19 19:07:28.553[0;39m [39mDEBUG[0;39m [2m[SpringApplicationShutdownHook][0;39m [35m[][0;39m [36mo.s.c.s.DefaultLifecycleProcessor$LifecycleGroup[0;39m [2m-[0;39m Stopping beans in phase 2147483647
[2m2026-06-19 19:07:28.554[0;39m [39mDEBUG[0;39m [2m[SpringApplicationShutdownHook][0;39m [35m[][0;39m [36mo.s.c.s.DefaultLifecycleProcessor[0;39m [2m-[0;39m Bean 'applicationTaskExecutor' completed its stop procedure
[2m2026-06-19 19:07:28.554[0;39m [39mDEBUG[0;39m [2m[SpringApplicationShutdownHook][0;39m [35m[][0;39m [36mo.s.c.s.DefaultLifecycleProcessor$LifecycleGroup[0;39m [2m-[0;39m Stopping beans in phase 2147482623
[2m2026-06-19 19:07:28.554[0;39m [39mDEBUG[0;39m [2m[SpringApplicationShutdownHook][0;39m [35m[][0;39m [36mo.s.c.s.DefaultLifecycleProcessor[0;39m [2m-[0;39m Bean 'webServerGracefulShutdown' completed its stop procedure
[2m2026-06-19 19:07:28.554[0;39m [39mDEBUG[0;39m [2m[SpringApplicationShutdownHook][0;39m [35m[][0;39m [36mo.s.c.s.DefaultLifecycleProcessor$LifecycleGroup[0;39m [2m-[0;39m Stopping beans in phase 2147481599
[2m2026-06-19 19:07:28.557[0;39m [39mDEBUG[0;39m [2m[SpringApplicationShutdownHook][0;39m [35m[][0;39m [36mo.s.c.s.DefaultLifecycleProcessor[0;39m [2m-[0;39m Bean 'webServerStartStop' completed its stop procedure
[2m2026-06-19 19:07:28.557[0;39m [39mDEBUG[0;39m [2m[SpringApplicationShutdownHook][0;39m [35m[][0;39m [36mo.s.c.s.DefaultLifecycleProcessor$LifecycleGroup[0;39m [2m-[0;39m Stopping beans in phase 0
[2m2026-06-19 19:07:28.557[0;39m [39mDEBUG[0;39m [2m[SpringApplicationShutdownHook][0;39m [35m[][0;39m [36mo.s.c.s.DefaultLifecycleProcessor[0;39m [2m-[0;39m Successfully stopped bean 'refreshScopeLifecycle'
[2m2026-06-19 19:07:28.566[0;39m [39mDEBUG[0;39m [2m[SpringApplicationShutdownHook][0;39m [35m[][0;39m [36mo.s.b.f.s.DisposableBeanAdapter[0;39m [2m-[0;39m Custom destroy method 'close' on bean with name 'nacosServiceRegistry' completed
[2m2026-06-19 19:07:28.566[0;39m [39mDEBUG[0;39m [2m[SpringApplicationShutdownHook][0;39m [35m[][0;39m [36mo.s.s.c.ExecutorConfigurationSupport[0;39m [2m-[0;39m Shutting down ExecutorService 'applicationTaskExecutor'
[2m2026-06-19 19:07:28.567[0;39m [39mDEBUG[0;39m [2m[SpringApplicationShutdownHook][0;39m [35m[][0;39m [36mo.s.s.c.ExecutorConfigurationSupport[0;39m [2m-[0;39m Shutting down ExecutorService
[2m2026-06-19 19:07:28.567[0;39m [39mDEBUG[0;39m [2m[SpringApplicationShutdownHook][0;39m [35m[][0;39m [36mo.s.c.s.AbstractApplicationContext[0;39m [2m-[0;39m Closing LoadBalancerClientFactory-aiEngine, started on Fri Jun 19 19:03:10 CST 2026, parent: org.springframework.boot.web.servlet.context.AnnotationConfigServletWebServerApplicationContext@59496961
[2m2026-06-19 19:07:28.568[0;39m [39mDEBUG[0;39m [2m[SpringApplicationShutdownHook][0;39m [35m[][0;39m [36mo.s.c.s.AbstractApplicationContext[0;39m [2m-[0;39m Closing LoadBalancerClientFactory-user, started on Fri Jun 19 19:03:09 CST 2026, parent: org.springframework.boot.web.servlet.context.AnnotationConfigServletWebServerApplicationContext@59496961
[2m2026-06-19 19:07:28.568[0;39m [39mDEBUG[0;39m [2m[SpringApplicationShutdownHook][0;39m [35m[][0;39m [36mo.s.c.s.AbstractApplicationContext[0;39m [2m-[0;39m Closing FeignClientFactory-platformUserClient, started on Fri Jun 19 19:02:15 CST 2026, parent: org.springframework.boot.web.servlet.context.AnnotationConfigServletWebServerApplicationContext@59496961
[2m2026-06-19 19:07:28.568[0;39m [39mDEBUG[0;39m [2m[SpringApplicationShutdownHook][0;39m [35m[][0;39m [36mo.s.c.s.AbstractApplicationContext[0;39m [2m-[0;39m Closing FeignClientFactory-platformAiKnowledgeBaseManageClient, started on Fri Jun 19 19:02:15 CST 2026, parent: org.springframework.boot.web.servlet.context.AnnotationConfigServletWebServerApplicationContext@59496961
[2m2026-06-19 19:07:28.573[0;39m [39mDEBUG[0;39m [2m[SpringApplicationShutdownHook][0;39m [35m[][0;39m [36mo.s.b.f.s.DisposableBeanAdapter[0;39m [2m-[0;39m Custom destroy method 'close' on bean with name 'simpleMeterRegistry' completed
