[2m2026-06-19 19:07:04.849[0;39m [39mDEBUG[0;39m [2m[http-nio-8082-exec-5][0;39m [35m[1095e9552423453980350f7c528d6f08][0;39m [36mo.s.core.log.LogFormatUtils[0;39m [2m-[0;39m GET "/user/auth/me", parameters={}
[2m2026-06-19 19:07:04.850[0;39m [39mDEBUG[0;39m [2m[http-nio-8082-exec-5][0;39m [35m[1095e9552423453980350f7c528d6f08][0;39m [36mo.s.w.s.h.AbstractHandlerMapping[0;39m [2m-[0;39m Mapped to org.athena.framework.security.auth.core.web.SecurityAuthController#me()
[2m2026-06-19 19:07:04.851[0;39m [39mDEBUG[0;39m [2m[http-nio-8082-exec-5][0;39m [35m[1095e9552423453980350f7c528d6f08][0;39m [36mo.s.w.s.m.m.a.AbstractMessageConverterMethodProcessor[0;39m [2m-[0;39m Using 'application/json', given [*/*] and supported [application/json, application/*+json]
[2m2026-06-19 19:07:04.851[0;39m [39mDEBUG[0;39m [2m[http-nio-8082-exec-5][0;39m [35m[1095e9552423453980350f7c528d6f08][0;39m [36mo.s.core.log.LogFormatUtils[0;39m [2m-[0;39m Writing [R(code=0, data={user=Subject[userId=1, username=admin, tenantId=null, userType=USER], displayName=系统 (truncated)...]
[2m2026-06-19 19:07:04.853[0;39m [39mDEBUG[0;39m [2m[http-nio-8082-exec-5][0;39m [35m[1095e9552423453980350f7c528d6f08][0;39m [36mo.s.web.servlet.FrameworkServlet[0;39m [2m-[0;39m Completed 200 OK
[2m2026-06-19 19:07:09.665[0;39m [39mDEBUG[0;39m [2m[http-nio-8082-exec-6][0;39m [35m[773c806472ad4c7884551df28aacc63b][0;39m [36mo.s.core.log.LogFormatUtils[0;39m [2m-[0;39m GET "/user/internal/v1/system-settings/value?key=dbEngine.kb.kbId", parameters={masked}
[2m2026-06-19 19:07:09.665[0;39m [39mDEBUG[0;39m [2m[http-nio-8082-exec-6][0;39m [35m[773c806472ad4c7884551df28aacc63b][0;39m [36mo.s.w.s.h.AbstractHandlerMapping[0;39m [2m-[0;39m Mapped to ai.platform.aiassit.user.system.settings.data.controller.SystemSettingInternalController#queryValueByKey(String)
[2m2026-06-19 19:07:09.666[0;39m [39mDEBUG[0;39m [2m[http-nio-8082-exec-6][0;39m [35m[773c806472ad4c7884551df28aacc63b][0;39m [36mo.s.jdbc.datasource.DataSourceUtils[0;39m [2m-[0;39m Fetching JDBC Connection from DataSource
[2m2026-06-19 19:07:09.672[0;39m [39mDEBUG[0;39m [2m[http-nio-8082-exec-6][0;39m [35m[773c806472ad4c7884551df28aacc63b][0;39m [36mo.s.w.s.m.m.a.AbstractMessageConverterMethodProcessor[0;39m [2m-[0;39m Using 'application/json', given [*/*] and supported [application/json, application/*+json]
[2m2026-06-19 19:07:09.673[0;39m [39mDEBUG[0;39m [2m[http-nio-8082-exec-6][0;39m [35m[773c806472ad4c7884551df28aacc63b][0;39m [36mo.s.core.log.LogFormatUtils[0;39m [2m-[0;39m Writing [R(code=0, data=w05enpcxa4, timestamp=1781867229672, traceId=773c806472ad4c7884551df28aacc63b, sign=n (truncated)...]
[2m2026-06-19 19:07:09.673[0;39m [39mDEBUG[0;39m [2m[http-nio-8082-exec-6][0;39m [35m[773c806472ad4c7884551df28aacc63b][0;39m [36mo.s.web.servlet.FrameworkServlet[0;39m [2m-[0;39m Completed 200 OK
[2m2026-06-19 19:07:27.432[0;39m [39mDEBUG[0;39m [2m[SpringApplicationShutdownHook][0;39m [35m[][0;39m [36mo.s.b.a.ApplicationAvailabilityBean[0;39m [2m-[0;39m Application availability state ReadinessState changed from ACCEPTING_TRAFFIC to REFUSING_TRAFFIC
[2m2026-06-19 19:07:27.433[0;39m [39mDEBUG[0;39m [2m[SpringApplicationShutdownHook][0;39m [35m[][0;39m [36mo.s.c.s.AbstractApplicationContext[0;39m [2m-[0;39m Closing org.springframework.boot.web.servlet.context.AnnotationConfigServletWebServerApplicationContext@77c7ed8e, started on Fri Jun 19 19:02:26 CST 2026, parent: org.springframework.context.annotation.AnnotationConfigApplicationContext@4baf352a
[2m2026-06-19 19:07:27.435[0;39m [39mDEBUG[0;39m [2m[SpringApplicationShutdownHook][0;39m [35m[][0;39m [36mo.s.c.s.DefaultLifecycleProcessor$LifecycleGroup[0;39m [2m-[0;39m Stopping beans in phase 2147483647
[2m2026-06-19 19:07:27.435[0;39m [39mDEBUG[0;39m [2m[SpringApplicationShutdownHook][0;39m [35m[][0;39m [36mo.s.c.s.DefaultLifecycleProcessor[0;39m [2m-[0;39m Bean 'applicationTaskExecutor' completed its stop procedure
[2m2026-06-19 19:07:27.435[0;39m [39mDEBUG[0;39m [2m[SpringApplicationShutdownHook][0;39m [35m[][0;39m [36mo.s.c.s.DefaultLifecycleProcessor$LifecycleGroup[0;39m [2m-[0;39m Stopping beans in phase 2147482623
[2m2026-06-19 19:07:27.436[0;39m [39mDEBUG[0;39m [2m[SpringApplicationShutdownHook][0;39m [35m[][0;39m [36mo.s.c.s.DefaultLifecycleProcessor[0;39m [2m-[0;39m Bean 'webServerGracefulShutdown' completed its stop procedure
[2m2026-06-19 19:07:27.436[0;39m [39mDEBUG[0;39m [2m[SpringApplicationShutdownHook][0;39m [35m[][0;39m [36mo.s.c.s.DefaultLifecycleProcessor$LifecycleGroup[0;39m [2m-[0;39m Stopping beans in phase 2147481599
[2m2026-06-19 19:07:27.439[0;39m [39mDEBUG[0;39m [2m[SpringApplicationShutdownHook][0;39m [35m[][0;39m [36mo.s.c.s.DefaultLifecycleProcessor[0;39m [2m-[0;39m Bean 'webServerStartStop' completed its stop procedure
[2m2026-06-19 19:07:27.439[0;39m [39mDEBUG[0;39m [2m[SpringApplicationShutdownHook][0;39m [35m[][0;39m [36mo.s.c.s.DefaultLifecycleProcessor$LifecycleGroup[0;39m [2m-[0;39m Stopping beans in phase 0
[2m2026-06-19 19:07:27.439[0;39m [39mDEBUG[0;39m [2m[SpringApplicationShutdownHook][0;39m [35m[][0;39m [36mo.s.c.s.DefaultLifecycleProcessor[0;39m [2m-[0;39m Successfully stopped bean 'refreshScopeLifecycle'
[2m2026-06-19 19:07:27.449[0;39m [39mDEBUG[0;39m [2m[SpringApplicationShutdownHook][0;39m [35m[][0;39m [36mo.s.b.f.s.DisposableBeanAdapter[0;39m [2m-[0;39m Custom destroy method 'close' on bean with name 'nacosServiceRegistry' completed
[2m2026-06-19 19:07:27.449[0;39m [39mDEBUG[0;39m [2m[SpringApplicationShutdownHook][0;39m [35m[][0;39m [36mo.s.s.c.ExecutorConfigurationSupport[0;39m [2m-[0;39m Shutting down ExecutorService 'applicationTaskExecutor'
[2m2026-06-19 19:07:27.450[0;39m [39mDEBUG[0;39m [2m[SpringApplicationShutdownHook][0;39m [35m[][0;39m [36mo.s.s.c.ExecutorConfigurationSupport[0;39m [2m-[0;39m Shutting down ExecutorService
[2m2026-06-19 19:07:27.455[0;39m [39mDEBUG[0;39m [2m[SpringApplicationShutdownHook][0;39m [35m[][0;39m [36mo.s.b.f.s.DisposableBeanAdapter[0;39m [2m-[0;39m Custom destroy method 'close' on bean with name 'simpleMeterRegistry' completed
2026-06-19 21:07:26.797 [39mDEBUG[0;39m [http-nio-8082-exec-6] [9d262d9763844db9be8eb7af07a64c2a] o.s.core.log.LogFormatUtils - GET "/user/auth/me", parameters={}
2026-06-19 21:07:26.797 [39mDEBUG[0;39m [http-nio-8082-exec-6] [9d262d9763844db9be8eb7af07a64c2a] o.s.w.s.h.AbstractHandlerMapping - Mapped to org.athena.framework.security.auth.core.web.SecurityAuthController#me()
2026-06-19 21:07:26.798 [39mDEBUG[0;39m [http-nio-8082-exec-6] [9d262d9763844db9be8eb7af07a64c2a] o.s.w.s.m.m.a.AbstractMessageConverterMethodProcessor - Using 'application/json', given [*/*] and supported [application/json, application/*+json]
2026-06-19 21:07:26.799 [39mDEBUG[0;39m [http-nio-8082-exec-6] [9d262d9763844db9be8eb7af07a64c2a] o.s.core.log.LogFormatUtils - Writing [R(code=0, data={user=Subject[userId=1, username=admin, tenantId=null, userType=USER], displayName=系统 (truncated)...]
2026-06-19 21:07:26.799 [39mDEBUG[0;39m [http-nio-8082-exec-6] [9d262d9763844db9be8eb7af07a64c2a] o.s.web.servlet.FrameworkServlet - Completed 200 OK
2026-06-19 21:07:30.095 [39mDEBUG[0;39m [http-nio-8082-exec-7] [58fce0bb65d54f06aac7a035cd6f539e] o.s.core.log.LogFormatUtils - GET "/user/internal/v1/system-settings/value?key=dbEngine.kb.kbId", parameters={masked}
2026-06-19 21:07:30.096 [39mDEBUG[0;39m [http-nio-8082-exec-7] [58fce0bb65d54f06aac7a035cd6f539e] o.s.w.s.h.AbstractHandlerMapping - Mapped to ai.platform.aiassit.user.system.settings.data.controller.SystemSettingInternalController#queryValueByKey(String)
2026-06-19 21:07:30.097 [39mDEBUG[0;39m [http-nio-8082-exec-7] [58fce0bb65d54f06aac7a035cd6f539e] o.s.jdbc.datasource.DataSourceUtils - Fetching JDBC Connection from DataSource
2026-06-19 21:07:30.112 [39mDEBUG[0;39m [http-nio-8082-exec-7] [58fce0bb65d54f06aac7a035cd6f539e] o.s.w.s.m.m.a.AbstractMessageConverterMethodProcessor - Using 'application/json', given [*/*] and supported [application/json, application/*+json]
2026-06-19 21:07:30.112 [39mDEBUG[0;39m [http-nio-8082-exec-7] [58fce0bb65d54f06aac7a035cd6f539e] o.s.core.log.LogFormatUtils - Writing [R(code=0, data=w05enpcxa4, timestamp=1781874450112, traceId=58fce0bb65d54f06aac7a035cd6f539e, sign=n (truncated)...]
2026-06-19 21:07:30.112 [39mDEBUG[0;39m [http-nio-8082-exec-7] [58fce0bb65d54f06aac7a035cd6f539e] o.s.web.servlet.FrameworkServlet - Completed 200 OK
2026-06-19 21:07:38.192 [39mDEBUG[0;39m [http-nio-8082-exec-8] [3012f91ae81648b5b492038cada1fddc] o.s.core.log.LogFormatUtils - GET "/user/auth/me", parameters={}
2026-06-19 21:07:38.193 [39mDEBUG[0;39m [http-nio-8082-exec-8] [3012f91ae81648b5b492038cada1fddc] o.s.w.s.h.AbstractHandlerMapping - Mapped to org.athena.framework.security.auth.core.web.SecurityAuthController#me()
2026-06-19 21:07:38.193 [39mDEBUG[0;39m [http-nio-8082-exec-8] [3012f91ae81648b5b492038cada1fddc] o.s.w.s.m.m.a.AbstractMessageConverterMethodProcessor - Using 'application/json', given [*/*] and supported [application/json, application/*+json]
2026-06-19 21:07:38.194 [39mDEBUG[0;39m [http-nio-8082-exec-8] [3012f91ae81648b5b492038cada1fddc] o.s.core.log.LogFormatUtils - Writing [R(code=0, data={user=Subject[userId=1, username=admin, tenantId=null, userType=USER], displayName=系统 (truncated)...]
2026-06-19 21:07:38.195 [39mDEBUG[0;39m [http-nio-8082-exec-8] [3012f91ae81648b5b492038cada1fddc] o.s.web.servlet.FrameworkServlet - Completed 200 OK
2026-06-19 21:29:21.898 [39mDEBUG[0;39m [http-nio-8082-exec-1] [6cbf299f9e1d4dca894882ad180f71bf] o.s.core.log.LogFormatUtils - GET "/user/auth/me", parameters={}
2026-06-19 21:29:21.899 [39mDEBUG[0;39m [http-nio-8082-exec-1] [6cbf299f9e1d4dca894882ad180f71bf] o.s.w.s.h.AbstractHandlerMapping - Mapped to org.athena.framework.security.auth.core.web.SecurityAuthController#me()
2026-06-19 21:29:21.901 [39mDEBUG[0;39m [http-nio-8082-exec-1] [6cbf299f9e1d4dca894882ad180f71bf] o.s.w.s.m.m.a.AbstractMessageConverterMethodProcessor - Using 'application/json', given [*/*] and supported [application/json, application/*+json]
2026-06-19 21:29:21.902 [39mDEBUG[0;39m [http-nio-8082-exec-1] [6cbf299f9e1d4dca894882ad180f71bf] o.s.core.log.LogFormatUtils - Writing [R(code=0, data={user=Subject[userId=1, username=admin, tenantId=null, userType=USER], displayName=系统 (truncated)...]
2026-06-19 21:29:21.904 [39mDEBUG[0;39m [http-nio-8082-exec-1] [6cbf299f9e1d4dca894882ad180f71bf] o.s.web.servlet.FrameworkServlet - Completed 200 OK
2026-06-19 21:29:22.996 [39mDEBUG[0;39m [http-nio-8082-exec-2] [b6f06665186e460aa642dd6c48387faf] o.s.core.log.LogFormatUtils - GET "/user/auth/me", parameters={}
2026-06-19 21:29:22.997 [39mDEBUG[0;39m [http-nio-8082-exec-2] [b6f06665186e460aa642dd6c48387faf] o.s.w.s.h.AbstractHandlerMapping - Mapped to org.athena.framework.security.auth.core.web.SecurityAuthController#me()
2026-06-19 21:29:22.998 [39mDEBUG[0;39m [http-nio-8082-exec-2] [b6f06665186e460aa642dd6c48387faf] o.s.w.s.m.m.a.AbstractMessageConverterMethodProcessor - Using 'application/json', given [*/*] and supported [application/json, application/*+json]
2026-06-19 21:29:22.998 [39mDEBUG[0;39m [http-nio-8082-exec-2] [b6f06665186e460aa642dd6c48387faf] o.s.core.log.LogFormatUtils - Writing [R(code=0, data={user=Subject[userId=1, username=admin, tenantId=null, userType=USER], displayName=系统 (truncated)...]
2026-06-19 21:29:22.999 [39mDEBUG[0;39m [http-nio-8082-exec-2] [b6f06665186e460aa642dd6c48387faf] o.s.web.servlet.FrameworkServlet - Completed 200 OK
