[2m2026-06-19 19:07:30.099[0;39m [39mDEBUG[0;39m [2m[SpringApplicationShutdownHook][0;39m [35m[][0;39m [36mo.s.b.a.ApplicationAvailabilityBean[0;39m [2m-[0;39m Application availability state ReadinessState changed from ACCEPTING_TRAFFIC to REFUSING_TRAFFIC
[2m2026-06-19 19:07:30.099[0;39m [39mDEBUG[0;39m [2m[SpringApplicationShutdownHook][0;39m [35m[][0;39m [36mo.s.c.s.AbstractApplicationContext[0;39m [2m-[0;39m Closing org.springframework.boot.web.servlet.context.AnnotationConfigServletWebServerApplicationContext@79d743e6, started on Fri Jun 19 19:01:58 CST 2026, parent: org.springframework.context.annotation.AnnotationConfigApplicationContext@4f071df8
[2m2026-06-19 19:07:30.101[0;39m [39mDEBUG[0;39m [2m[SpringApplicationShutdownHook][0;39m [35m[][0;39m [36mo.s.c.s.DefaultLifecycleProcessor$LifecycleGroup[0;39m [2m-[0;39m Stopping beans in phase 2147483647
[2m2026-06-19 19:07:30.102[0;39m [39mDEBUG[0;39m [2m[SpringApplicationShutdownHook][0;39m [35m[][0;39m [36mo.s.c.s.DefaultLifecycleProcessor[0;39m [2m-[0;39m Bean 'applicationTaskExecutor' completed its stop procedure
[2m2026-06-19 19:07:30.102[0;39m [39mDEBUG[0;39m [2m[SpringApplicationShutdownHook][0;39m [35m[][0;39m [36mo.s.c.s.DefaultLifecycleProcessor$LifecycleGroup[0;39m [2m-[0;39m Stopping beans in phase 2147482623
[2m2026-06-19 19:07:30.102[0;39m [39mDEBUG[0;39m [2m[SpringApplicationShutdownHook][0;39m [35m[][0;39m [36mo.s.c.s.DefaultLifecycleProcessor[0;39m [2m-[0;39m Bean 'webServerGracefulShutdown' completed its stop procedure
[2m2026-06-19 19:07:30.102[0;39m [39mDEBUG[0;39m [2m[SpringApplicationShutdownHook][0;39m [35m[][0;39m [36mo.s.c.s.DefaultLifecycleProcessor$LifecycleGroup[0;39m [2m-[0;39m Stopping beans in phase 2147481599
[2m2026-06-19 19:07:30.105[0;39m [39mDEBUG[0;39m [2m[SpringApplicationShutdownHook][0;39m [35m[][0;39m [36mo.s.c.s.DefaultLifecycleProcessor[0;39m [2m-[0;39m Bean 'webServerStartStop' completed its stop procedure
[2m2026-06-19 19:07:30.105[0;39m [39mDEBUG[0;39m [2m[SpringApplicationShutdownHook][0;39m [35m[][0;39m [36mo.s.c.s.DefaultLifecycleProcessor$LifecycleGroup[0;39m [2m-[0;39m Stopping beans in phase 0
[2m2026-06-19 19:07:30.105[0;39m [39mDEBUG[0;39m [2m[SpringApplicationShutdownHook][0;39m [35m[][0;39m [36mo.s.c.s.DefaultLifecycleProcessor[0;39m [2m-[0;39m Successfully stopped bean 'refreshScopeLifecycle'
[2m2026-06-19 19:07:30.115[0;39m [39mDEBUG[0;39m [2m[SpringApplicationShutdownHook][0;39m [35m[][0;39m [36mo.s.b.f.s.DisposableBeanAdapter[0;39m [2m-[0;39m Custom destroy method 'close' on bean with name 'nacosServiceRegistry' completed
[2m2026-06-19 19:07:30.116[0;39m [39mDEBUG[0;39m [2m[SpringApplicationShutdownHook][0;39m [35m[][0;39m [36mo.s.s.c.ExecutorConfigurationSupport[0;39m [2m-[0;39m Shutting down ExecutorService 'applicationTaskExecutor'
[2m2026-06-19 19:07:30.116[0;39m [39mDEBUG[0;39m [2m[SpringApplicationShutdownHook][0;39m [35m[][0;39m [36mo.s.s.c.ExecutorConfigurationSupport[0;39m [2m-[0;39m Shutting down ExecutorService
[2m2026-06-19 19:07:30.119[0;39m [39mDEBUG[0;39m [2m[SpringApplicationShutdownHook][0;39m [35m[][0;39m [36mo.s.c.s.AbstractApplicationContext[0;39m [2m-[0;39m Closing FeignClientFactory-platformAiEngineClient, started on Fri Jun 19 19:02:00 CST 2026, parent: org.springframework.boot.web.servlet.context.AnnotationConfigServletWebServerApplicationContext@79d743e6
[2m2026-06-19 19:07:30.119[0;39m [39mDEBUG[0;39m [2m[SpringApplicationShutdownHook][0;39m [35m[][0;39m [36mo.s.c.s.AbstractApplicationContext[0;39m [2m-[0;39m Closing FeignClientFactory-platformAiRetrievalEngineClient, started on Fri Jun 19 19:01:59 CST 2026, parent: org.springframework.boot.web.servlet.context.AnnotationConfigServletWebServerApplicationContext@79d743e6
[2m2026-06-19 19:07:30.120[0;39m [39mDEBUG[0;39m [2m[SpringApplicationShutdownHook][0;39m [35m[][0;39m [36mo.s.b.f.s.DisposableBeanAdapter[0;39m [2m-[0;39m Custom destroy method 'close' on bean with name 'simpleMeterRegistry' completed
2026-06-19 21:29:22.020 [34mINFO [0;39m [http-nio-13102-exec-1] [] o.s.web.servlet.FrameworkServlet - Initializing Servlet 'dispatcherServlet'
2026-06-19 21:29:22.020 [39mDEBUG[0;39m [http-nio-13102-exec-1] [] o.s.web.servlet.DispatcherServlet - Detected StandardServletMultipartResolver
2026-06-19 21:29:22.020 [39mDEBUG[0;39m [http-nio-13102-exec-1] [] o.s.web.servlet.DispatcherServlet - Detected AcceptHeaderLocaleResolver
2026-06-19 21:29:22.020 [39mDEBUG[0;39m [http-nio-13102-exec-1] [] o.s.web.servlet.DispatcherServlet - Detected FixedThemeResolver
2026-06-19 21:29:22.022 [39mDEBUG[0;39m [http-nio-13102-exec-1] [] o.s.web.servlet.DispatcherServlet - Detected org.springframework.web.servlet.view.DefaultRequestToViewNameTranslator@2d19e74a
2026-06-19 21:29:22.023 [39mDEBUG[0;39m [http-nio-13102-exec-1] [] o.s.web.servlet.DispatcherServlet - Detected org.springframework.web.servlet.support.SessionFlashMapManager@6d2bf68c
2026-06-19 21:29:22.023 [39mDEBUG[0;39m [http-nio-13102-exec-1] [] o.s.web.servlet.FrameworkServlet - enableLoggingRequestDetails='false': request parameters and headers will be masked to prevent unsafe logging of potentially sensitive data
2026-06-19 21:29:22.023 [34mINFO [0;39m [http-nio-13102-exec-1] [] o.s.web.servlet.FrameworkServlet - Completed initialization in 3 ms
2026-06-19 21:29:22.066 [39mDEBUG[0;39m [http-nio-13102-exec-1] [0ff33049b3184ab48da4c575339d4424] o.s.core.log.LogFormatUtils - POST "/aiChat/api/v1/ai/chat/conversation/list", parameters={}
2026-06-19 21:29:22.070 [39mDEBUG[0;39m [http-nio-13102-exec-1] [0ff33049b3184ab48da4c575339d4424] o.s.w.s.h.AbstractHandlerMapping - Mapped to ai.platform.aiassit.chat.core.conversation.controller.impl.AiChatConversationController#list(AiChatConversationQueryRequest)
2026-06-19 21:29:22.086 [39mDEBUG[0;39m [http-nio-13102-exec-1] [0ff33049b3184ab48da4c575339d4424] o.s.core.log.LogFormatUtils - Read "application/json;charset=UTF-8" to [AiChatConversationQueryRequest(userId=1, sessionCode=null, businessType=null)]
2026-06-19 21:29:22.144 [39mDEBUG[0;39m [http-nio-13102-exec-1] [0ff33049b3184ab48da4c575339d4424] o.s.jdbc.datasource.DataSourceUtils - Fetching JDBC Connection from DataSource
2026-06-19 21:29:22.267 [39mDEBUG[0;39m [http-nio-13102-exec-1] [0ff33049b3184ab48da4c575339d4424] o.s.w.s.m.m.a.AbstractMessageConverterMethodProcessor - Using 'application/json', given [*/*] and supported [application/json, application/*+json]
2026-06-19 21:29:22.268 [39mDEBUG[0;39m [http-nio-13102-exec-1] [0ff33049b3184ab48da4c575339d4424] o.s.core.log.LogFormatUtils - Writing [R(code=0, data=[AiChatSessionVO(sessionCode=session-e755e13d5a814d9fa248aac02eb0c1ef, userId=0, busi (truncated)...]
2026-06-19 21:29:22.275 [39mDEBUG[0;39m [http-nio-13102-exec-1] [0ff33049b3184ab48da4c575339d4424] o.s.web.servlet.FrameworkServlet - Completed 200 OK
